receiving incremental file list

sent 20 bytes  received 185 bytes  136.67 bytes/sec
total size is 886  speedup is 4.32
receiving incremental file list

sent 20 bytes  received 182 bytes  134.67 bytes/sec
total size is 181,653  speedup is 899.27
receiving incremental file list

sent 20 bytes  received 184 bytes  136.00 bytes/sec
total size is 100,535  speedup is 492.82
receiving incremental file list

sent 20 bytes  received 90 bytes  73.33 bytes/sec
total size is 5,668  speedup is 51.53
[2026-06-14 17:54:45] syncing CEL full results
ready: 0/3
receiving incremental file list

sent 20 bytes  received 185 bytes  136.67 bytes/sec
total size is 886  speedup is 4.32
receiving incremental file list

sent 20 bytes  received 182 bytes  -404.00 bytes/sec
total size is 181,653  speedup is 899.27
receiving incremental file list

sent 20 bytes  received 184 bytes  136.00 bytes/sec
total size is 100,535  speedup is 492.82
receiving incremental file list

sent 20 bytes  received 90 bytes  73.33 bytes/sec
total size is 5,668  speedup is 51.53
[2026-06-14 17:57:40] syncing CEL full results
ready: 0/3
receiving incremental file list

sent 20 bytes  received 185 bytes  136.67 bytes/sec
total size is 886  speedup is 4.32
receiving incremental file list

sent 20 bytes  received 182 bytes  134.67 bytes/sec
total size is 181,653  speedup is 899.27
receiving incremental file list

sent 20 bytes  received 184 bytes  136.00 bytes/sec
total size is 100,535  speedup is 492.82
receiving incremental file list

sent 20 bytes  received 90 bytes  73.33 bytes/sec
total size is 5,668  speedup is 51.53
[2026-06-14 18:00:37] syncing CEL full results
ready: 0/3
receiving incremental file list

sent 20 bytes  received 185 bytes  136.67 bytes/sec
total size is 886  speedup is 4.32
receiving incremental file list

sent 20 bytes  received 182 bytes  134.67 bytes/sec
total size is 181,653  speedup is 899.27
receiving incremental file list

sent 20 bytes  received 184 bytes  136.00 bytes/sec
total size is 100,535  speedup is 492.82
receiving incremental file list

sent 20 bytes  received 90 bytes  220.00 bytes/sec
total size is 5,668  speedup is 51.53
[2026-06-14 18:03:32] syncing CEL full results
ready: 0/3
receiving incremental file list

sent 20 bytes  received 185 bytes  136.67 bytes/sec
total size is 886  speedup is 4.32
receiving incremental file list

sent 20 bytes  received 182 bytes  134.67 bytes/sec
total size is 181,653  speedup is 899.27
receiving incremental file list

sent 20 bytes  received 184 bytes  408.00 bytes/sec
total size is 100,535  speedup is 492.82
receiving incremental file list

sent 20 bytes  received 90 bytes  220.00 bytes/sec
total size is 5,668  speedup is 51.53
[2026-06-14 18:06:27] syncing CEL full results
ready: 0/3
receiving incremental file list

sent 20 bytes  received 185 bytes  136.67 bytes/sec
total size is 886  speedup is 4.32
receiving incremental file list

sent 20 bytes  received 182 bytes  134.67 bytes/sec
total size is 181,653  speedup is 899.27
receiving incremental file list

sent 20 bytes  received 184 bytes  136.00 bytes/sec
total size is 100,535  speedup is 492.82
receiving incremental file list

sent 20 bytes  received 90 bytes  73.33 bytes/sec
total size is 5,668  speedup is 51.53
[2026-06-14 18:09:24] syncing CEL full results
ready: 0/3
receiving incremental file list

sent 20 bytes  received 185 bytes  136.67 bytes/sec
total size is 886  speedup is 4.32
receiving incremental file list

sent 20 bytes  received 182 bytes  134.67 bytes/sec
total size is 181,653  speedup is 899.27
receiving incremental file list

sent 20 bytes  received 184 bytes  408.00 bytes/sec
total size is 100,535  speedup is 492.82
receiving incremental file list

sent 20 bytes  received 90 bytes  73.33 bytes/sec
total size is 5,668  speedup is 51.53
[2026-06-14 18:12:19] syncing CEL full results
ready: 0/3
receiving incremental file list

sent 20 bytes  received 185 bytes  136.67 bytes/sec
total size is 886  speedup is 4.32
receiving incremental file list

sent 20 bytes  received 182 bytes  134.67 bytes/sec
total size is 181,653  speedup is 899.27
receiving incremental file list

sent 20 bytes  received 184 bytes  136.00 bytes/sec
total size is 100,535  speedup is 492.82
receiving incremental file list

sent 20 bytes  received 90 bytes  73.33 bytes/sec
total size is 5,668  speedup is 51.53
[2026-06-14 18:15:15] syncing CEL full results
ready: 0/3
receiving incremental file list

sent 20 bytes  received 185 bytes  136.67 bytes/sec
total size is 886  speedup is 4.32
receiving incremental file list

sent 20 bytes  received 182 bytes  134.67 bytes/sec
total size is 181,653  speedup is 899.27
receiving incremental file list

sent 20 bytes  received 184 bytes  136.00 bytes/sec
total size is 100,535  speedup is 492.82
receiving incremental file list

sent 20 bytes  received 90 bytes  73.33 bytes/sec
total size is 5,668  speedup is 51.53
[2026-06-14 18:18:10] syncing CEL full results
ready: 0/3
receiving incremental file list

sent 20 bytes  received 185 bytes  136.67 bytes/sec
total size is 886  speedup is 4.32
receiving incremental file list

sent 20 bytes  received 182 bytes  134.67 bytes/sec
total size is 181,653  speedup is 899.27
receiving incremental file list

sent 20 bytes  received 184 bytes  136.00 bytes/sec
total size is 100,535  speedup is 492.82
receiving incremental file list

sent 20 bytes  received 90 bytes  73.33 bytes/sec
total size is 5,668  speedup is 51.53
[2026-06-14 18:21:07] syncing CEL full results
ready: 0/3
receiving incremental file list

sent 20 bytes  received 185 bytes  136.67 bytes/sec
total size is 886  speedup is 4.32
receiving incremental file list

sent 20 bytes  received 182 bytes  134.67 bytes/sec
total size is 181,653  speedup is 899.27
receiving incremental file list

sent 20 bytes  received 184 bytes  136.00 bytes/sec
total size is 100,535  speedup is 492.82
receiving incremental file list

sent 20 bytes  received 90 bytes  73.33 bytes/sec
total size is 5,668  speedup is 51.53
[2026-06-14 18:24:02] syncing CEL full results
ready: 0/3
receiving incremental file list

sent 20 bytes  received 185 bytes  136.67 bytes/sec
total size is 886  speedup is 4.32
receiving incremental file list

sent 20 bytes  received 182 bytes  -404.00 bytes/sec
total size is 181,653  speedup is 899.27
receiving incremental file list

sent 20 bytes  received 184 bytes  136.00 bytes/sec
total size is 100,535  speedup is 492.82
receiving incremental file list

sent 20 bytes  received 90 bytes  73.33 bytes/sec
total size is 5,668  speedup is 51.53
[2026-06-14 18:26:57] syncing CEL full results
ready: 0/3
receiving incremental file list

sent 20 bytes  received 185 bytes  136.67 bytes/sec
total size is 886  speedup is 4.32
receiving incremental file list

sent 20 bytes  received 182 bytes  134.67 bytes/sec
total size is 181,653  speedup is 899.27
receiving incremental file list

sent 20 bytes  received 184 bytes  136.00 bytes/sec
total size is 100,535  speedup is 492.82
receiving incremental file list

sent 20 bytes  received 90 bytes  73.33 bytes/sec
total size is 5,668  speedup is 51.53
[2026-06-14 18:29:54] syncing CEL full results
ready: 0/3
receiving incremental file list

sent 20 bytes  received 185 bytes  136.67 bytes/sec
total size is 886  speedup is 4.32
receiving incremental file list

sent 20 bytes  received 182 bytes  134.67 bytes/sec
total size is 181,653  speedup is 899.27
receiving incremental file list

sent 20 bytes  received 184 bytes  136.00 bytes/sec
total size is 100,535  speedup is 492.82
receiving incremental file list

sent 20 bytes  received 90 bytes  73.33 bytes/sec
total size is 5,668  speedup is 51.53
[2026-06-14 18:32:49] syncing CEL full results
ready: 0/3
receiving incremental file list

sent 20 bytes  received 185 bytes  136.67 bytes/sec
total size is 886  speedup is 4.32
receiving incremental file list

sent 20 bytes  received 182 bytes  134.67 bytes/sec
total size is 181,653  speedup is 899.27
receiving incremental file list

sent 20 bytes  received 184 bytes  136.00 bytes/sec
total size is 100,535  speedup is 492.82
receiving incremental file list

sent 20 bytes  received 90 bytes  73.33 bytes/sec
total size is 5,668  speedup is 51.53
[2026-06-14 18:35:44] syncing CEL full results
ready: 0/3
receiving incremental file list
metrics_cel_adapter_qwen3_1.7b.txt

sent 43 bytes  received 433 bytes  317.33 bytes/sec
total size is 1,199  speedup is 2.52
receiving incremental file list
qual_cel_adapter_qwen3_1.7b.csv

sent 43 bytes  received 358,177 bytes  143,288.00 bytes/sec
total size is 3,063,604  speedup is 8.55
receiving incremental file list
kcs_cel_adapter_qwen3_1.7b.json

sent 43 bytes  received 83,039 bytes  55,388.00 bytes/sec
total size is 1,662,049  speedup is 20.00
receiving incremental file list

sent 20 bytes  received 90 bytes  73.33 bytes/sec
total size is 5,668  speedup is 51.53
[2026-06-14 18:38:42] syncing CEL full results
ready: 1/3
receiving incremental file list

sent 20 bytes  received 205 bytes  150.00 bytes/sec
total size is 1,199  speedup is 5.33
receiving incremental file list

sent 20 bytes  received 202 bytes  148.00 bytes/sec
total size is 3,063,604  speedup is 13,800.02
receiving incremental file list

sent 20 bytes  received 205 bytes  150.00 bytes/sec
total size is 1,662,049  speedup is 7,386.88
receiving incremental file list

sent 20 bytes  received 90 bytes  73.33 bytes/sec
total size is 5,668  speedup is 51.53
[2026-06-14 18:41:37] syncing CEL full results
ready: 1/3
receiving incremental file list

sent 20 bytes  received 205 bytes  150.00 bytes/sec
total size is 1,199  speedup is 5.33
receiving incremental file list

sent 20 bytes  received 202 bytes  148.00 bytes/sec
total size is 3,063,604  speedup is 13,800.02
receiving incremental file list

sent 20 bytes  received 205 bytes  150.00 bytes/sec
total size is 1,662,049  speedup is 7,386.88
receiving incremental file list

sent 20 bytes  received 90 bytes  73.33 bytes/sec
total size is 5,668  speedup is 51.53
[2026-06-14 18:44:32] syncing CEL full results
ready: 1/3
receiving incremental file list

sent 20 bytes  received 205 bytes  150.00 bytes/sec
total size is 1,199  speedup is 5.33
receiving incremental file list

sent 20 bytes  received 202 bytes  148.00 bytes/sec
total size is 3,063,604  speedup is 13,800.02
receiving incremental file list

sent 20 bytes  received 205 bytes  150.00 bytes/sec
total size is 1,662,049  speedup is 7,386.88
receiving incremental file list

sent 20 bytes  received 90 bytes  73.33 bytes/sec
total size is 5,668  speedup is 51.53
[2026-06-14 18:47:28] syncing CEL full results
ready: 1/3
receiving incremental file list

sent 20 bytes  received 205 bytes  150.00 bytes/sec
total size is 1,199  speedup is 5.33
receiving incremental file list

sent 20 bytes  received 202 bytes  148.00 bytes/sec
total size is 3,063,604  speedup is 13,800.02
receiving incremental file list

sent 20 bytes  received 205 bytes  150.00 bytes/sec
total size is 1,662,049  speedup is 7,386.88
receiving incremental file list

sent 20 bytes  received 90 bytes  73.33 bytes/sec
total size is 5,668  speedup is 51.53
[2026-06-14 18:50:25] syncing CEL full results
ready: 1/3
receiving incremental file list

sent 20 bytes  received 205 bytes  150.00 bytes/sec
total size is 1,199  speedup is 5.33
receiving incremental file list

sent 20 bytes  received 202 bytes  148.00 bytes/sec
total size is 3,063,604  speedup is 13,800.02
receiving incremental file list

sent 20 bytes  received 205 bytes  450.00 bytes/sec
total size is 1,662,049  speedup is 7,386.88
receiving incremental file list

sent 20 bytes  received 90 bytes  220.00 bytes/sec
total size is 5,668  speedup is 51.53
[2026-06-14 18:53:20] syncing CEL full results
ready: 1/3
receiving incremental file list

sent 20 bytes  received 205 bytes  150.00 bytes/sec
total size is 1,199  speedup is 5.33
receiving incremental file list

sent 20 bytes  received 202 bytes  444.00 bytes/sec
total size is 3,063,604  speedup is 13,800.02
receiving incremental file list

sent 20 bytes  received 205 bytes  150.00 bytes/sec
total size is 1,662,049  speedup is 7,386.88
receiving incremental file list

sent 20 bytes  received 90 bytes  73.33 bytes/sec
total size is 5,668  speedup is 51.53
[2026-06-14 18:56:15] syncing CEL full results
ready: 1/3
receiving incremental file list

sent 20 bytes  received 205 bytes  150.00 bytes/sec
total size is 1,199  speedup is 5.33
receiving incremental file list

sent 20 bytes  received 202 bytes  148.00 bytes/sec
total size is 3,063,604  speedup is 13,800.02
receiving incremental file list

sent 20 bytes  received 205 bytes  450.00 bytes/sec
total size is 1,662,049  speedup is 7,386.88
receiving incremental file list

sent 20 bytes  received 90 bytes  44.00 bytes/sec
total size is 5,668  speedup is 51.53
[2026-06-14 18:59:12] syncing CEL full results
ready: 1/3
receiving incremental file list

sent 20 bytes  received 205 bytes  150.00 bytes/sec
total size is 1,199  speedup is 5.33
receiving incremental file list

sent 20 bytes  received 202 bytes  148.00 bytes/sec
total size is 3,063,604  speedup is 13,800.02
receiving incremental file list

sent 20 bytes  received 205 bytes  150.00 bytes/sec
total size is 1,662,049  speedup is 7,386.88
receiving incremental file list

sent 20 bytes  received 90 bytes  73.33 bytes/sec
total size is 5,668  speedup is 51.53
[2026-06-14 19:02:08] syncing CEL full results
ready: 1/3
receiving incremental file list

sent 20 bytes  received 205 bytes  150.00 bytes/sec
total size is 1,199  speedup is 5.33
receiving incremental file list

sent 20 bytes  received 202 bytes  148.00 bytes/sec
total size is 3,063,604  speedup is 13,800.02
receiving incremental file list

sent 20 bytes  received 205 bytes  150.00 bytes/sec
total size is 1,662,049  speedup is 7,386.88
receiving incremental file list

sent 20 bytes  received 90 bytes  73.33 bytes/sec
total size is 5,668  speedup is 51.53
[2026-06-14 19:05:03] syncing CEL full results
ready: 1/3
receiving incremental file list

sent 20 bytes  received 205 bytes  150.00 bytes/sec
total size is 1,199  speedup is 5.33
receiving incremental file list

sent 20 bytes  received 202 bytes  148.00 bytes/sec
total size is 3,063,604  speedup is 13,800.02
receiving incremental file list

sent 20 bytes  received 205 bytes  150.00 bytes/sec
total size is 1,662,049  speedup is 7,386.88
receiving incremental file list

sent 20 bytes  received 90 bytes  73.33 bytes/sec
total size is 5,668  speedup is 51.53
[2026-06-14 19:08:00] syncing CEL full results
ready: 1/3
receiving incremental file list

sent 20 bytes  received 205 bytes  150.00 bytes/sec
total size is 1,199  speedup is 5.33
receiving incremental file list

sent 20 bytes  received 202 bytes  148.00 bytes/sec
total size is 3,063,604  speedup is 13,800.02
receiving incremental file list

sent 20 bytes  received 205 bytes  150.00 bytes/sec
total size is 1,662,049  speedup is 7,386.88
receiving incremental file list

sent 20 bytes  received 90 bytes  73.33 bytes/sec
total size is 5,668  speedup is 51.53
[2026-06-14 19:10:55] syncing CEL full results
ready: 1/3
receiving incremental file list

sent 20 bytes  received 205 bytes  150.00 bytes/sec
total size is 1,199  speedup is 5.33
receiving incremental file list

sent 20 bytes  received 202 bytes  148.00 bytes/sec
total size is 3,063,604  speedup is 13,800.02
receiving incremental file list

sent 20 bytes  received 205 bytes  150.00 bytes/sec
total size is 1,662,049  speedup is 7,386.88
receiving incremental file list

sent 20 bytes  received 90 bytes  73.33 bytes/sec
total size is 5,668  speedup is 51.53
[2026-06-14 19:13:51] syncing CEL full results
ready: 1/3
receiving incremental file list

sent 20 bytes  received 205 bytes  150.00 bytes/sec
total size is 1,199  speedup is 5.33
receiving incremental file list

sent 20 bytes  received 202 bytes  148.00 bytes/sec
total size is 3,063,604  speedup is 13,800.02
receiving incremental file list

sent 20 bytes  received 205 bytes  150.00 bytes/sec
total size is 1,662,049  speedup is 7,386.88
receiving incremental file list

sent 20 bytes  received 90 bytes  73.33 bytes/sec
total size is 5,668  speedup is 51.53
[2026-06-14 19:16:48] syncing CEL full results
ready: 1/3
receiving incremental file list

sent 20 bytes  received 205 bytes  150.00 bytes/sec
total size is 1,199  speedup is 5.33
receiving incremental file list

sent 20 bytes  received 202 bytes  148.00 bytes/sec
total size is 3,063,604  speedup is 13,800.02
receiving incremental file list

sent 20 bytes  received 205 bytes  90.00 bytes/sec
total size is 1,662,049  speedup is 7,386.88
receiving incremental file list

sent 20 bytes  received 90 bytes  73.33 bytes/sec
total size is 5,668  speedup is 51.53
[2026-06-14 19:19:44] syncing CEL full results
ready: 1/3
receiving incremental file list

sent 20 bytes  received 205 bytes  150.00 bytes/sec
total size is 1,199  speedup is 5.33
receiving incremental file list

sent 20 bytes  received 202 bytes  148.00 bytes/sec
total size is 3,063,604  speedup is 13,800.02
receiving incremental file list

sent 20 bytes  received 205 bytes  150.00 bytes/sec
total size is 1,662,049  speedup is 7,386.88
receiving incremental file list

sent 20 bytes  received 90 bytes  220.00 bytes/sec
total size is 5,668  speedup is 51.53
[2026-06-14 19:22:39] syncing CEL full results
ready: 1/3
receiving incremental file list

sent 20 bytes  received 205 bytes  150.00 bytes/sec
total size is 1,199  speedup is 5.33
receiving incremental file list

sent 20 bytes  received 202 bytes  148.00 bytes/sec
total size is 3,063,604  speedup is 13,800.02
receiving incremental file list

sent 20 bytes  received 205 bytes  150.00 bytes/sec
total size is 1,662,049  speedup is 7,386.88
receiving incremental file list

sent 20 bytes  received 90 bytes  -220.00 bytes/sec
total size is 5,668  speedup is 51.53
[2026-06-14 19:25:35] syncing CEL full results
ready: 1/3
receiving incremental file list

sent 20 bytes  received 205 bytes  150.00 bytes/sec
total size is 1,199  speedup is 5.33
receiving incremental file list

sent 20 bytes  received 202 bytes  148.00 bytes/sec
total size is 3,063,604  speedup is 13,800.02
receiving incremental file list

sent 20 bytes  received 205 bytes  150.00 bytes/sec
total size is 1,662,049  speedup is 7,386.88
receiving incremental file list

sent 20 bytes  received 90 bytes  73.33 bytes/sec
total size is 5,668  speedup is 51.53
[2026-06-14 19:28:32] syncing CEL full results
ready: 1/3
receiving incremental file list

sent 20 bytes  received 205 bytes  150.00 bytes/sec
total size is 1,199  speedup is 5.33
receiving incremental file list

sent 20 bytes  received 202 bytes  148.00 bytes/sec
total size is 3,063,604  speedup is 13,800.02
receiving incremental file list

sent 20 bytes  received 205 bytes  150.00 bytes/sec
total size is 1,662,049  speedup is 7,386.88
receiving incremental file list

sent 20 bytes  received 90 bytes  73.33 bytes/sec
total size is 5,668  speedup is 51.53
[2026-06-14 19:31:28] syncing CEL full results
ready: 1/3
receiving incremental file list

sent 20 bytes  received 205 bytes  -450.00 bytes/sec
total size is 1,199  speedup is 5.33
receiving incremental file list

sent 20 bytes  received 202 bytes  148.00 bytes/sec
total size is 3,063,604  speedup is 13,800.02
receiving incremental file list

sent 20 bytes  received 205 bytes  90.00 bytes/sec
total size is 1,662,049  speedup is 7,386.88
receiving incremental file list

sent 20 bytes  received 90 bytes  73.33 bytes/sec
total size is 5,668  speedup is 51.53
[2026-06-14 19:34:24] syncing CEL full results
ready: 1/3
receiving incremental file list

sent 20 bytes  received 205 bytes  150.00 bytes/sec
total size is 1,199  speedup is 5.33
receiving incremental file list

sent 20 bytes  received 202 bytes  148.00 bytes/sec
total size is 3,063,604  speedup is 13,800.02
receiving incremental file list

sent 20 bytes  received 205 bytes  150.00 bytes/sec
total size is 1,662,049  speedup is 7,386.88
receiving incremental file list

sent 20 bytes  received 90 bytes  73.33 bytes/sec
total size is 5,668  speedup is 51.53
[2026-06-14 19:37:20] syncing CEL full results
ready: 1/3
receiving incremental file list

sent 20 bytes  received 205 bytes  150.00 bytes/sec
total size is 1,199  speedup is 5.33
receiving incremental file list

sent 20 bytes  received 202 bytes  148.00 bytes/sec
total size is 3,063,604  speedup is 13,800.02
receiving incremental file list

sent 20 bytes  received 205 bytes  150.00 bytes/sec
total size is 1,662,049  speedup is 7,386.88
receiving incremental file list

sent 20 bytes  received 90 bytes  73.33 bytes/sec
total size is 5,668  speedup is 51.53
[2026-06-14 19:40:16] syncing CEL full results
ready: 1/3
receiving incremental file list
metrics_cel_mlp_qwen3_1.7b.txt

sent 43 bytes  received 453 bytes  330.67 bytes/sec
total size is 1,512  speedup is 3.05
receiving incremental file list
qual_cel_mlp_qwen3_1.7b.csv

sent 43 bytes  received 352,280 bytes  234,882.00 bytes/sec
total size is 5,945,555  speedup is 16.88
receiving incremental file list
kcs_cel_mlp_qwen3_1.7b.json

sent 43 bytes  received 78,637 bytes  31,472.00 bytes/sec
total size is 3,221,992  speedup is 40.95
receiving incremental file list

sent 20 bytes  received 90 bytes  73.33 bytes/sec
total size is 5,668  speedup is 51.53
[2026-06-14 19:43:12] syncing CEL full results
ready: 2/3
receiving incremental file list

sent 20 bytes  received 225 bytes  163.33 bytes/sec
total size is 1,512  speedup is 6.17
receiving incremental file list

sent 20 bytes  received 222 bytes  161.33 bytes/sec
total size is 5,945,555  speedup is 24,568.41
receiving incremental file list

sent 20 bytes  received 226 bytes  164.00 bytes/sec
total size is 3,221,992  speedup is 13,097.53
receiving incremental file list

sent 20 bytes  received 90 bytes  73.33 bytes/sec
total size is 5,668  speedup is 51.53
[2026-06-14 19:46:09] syncing CEL full results
ready: 2/3
receiving incremental file list

sent 20 bytes  received 225 bytes  163.33 bytes/sec
total size is 1,512  speedup is 6.17
receiving incremental file list

sent 20 bytes  received 222 bytes  161.33 bytes/sec
total size is 5,945,555  speedup is 24,568.41
receiving incremental file list

sent 20 bytes  received 226 bytes  164.00 bytes/sec
total size is 3,221,992  speedup is 13,097.53
receiving incremental file list

sent 20 bytes  received 90 bytes  73.33 bytes/sec
total size is 5,668  speedup is 51.53
[2026-06-14 19:49:05] syncing CEL full results
ready: 2/3
receiving incremental file list

sent 20 bytes  received 225 bytes  163.33 bytes/sec
total size is 1,512  speedup is 6.17
receiving incremental file list

sent 20 bytes  received 222 bytes  161.33 bytes/sec
total size is 5,945,555  speedup is 24,568.41
receiving incremental file list

sent 20 bytes  received 226 bytes  164.00 bytes/sec
total size is 3,221,992  speedup is 13,097.53
receiving incremental file list

sent 20 bytes  received 90 bytes  73.33 bytes/sec
total size is 5,668  speedup is 51.53
[2026-06-14 19:52:00] syncing CEL full results
ready: 2/3
receiving incremental file list

sent 20 bytes  received 225 bytes  163.33 bytes/sec
total size is 1,512  speedup is 6.17
receiving incremental file list

sent 20 bytes  received 222 bytes  161.33 bytes/sec
total size is 5,945,555  speedup is 24,568.41
receiving incremental file list

sent 20 bytes  received 226 bytes  164.00 bytes/sec
total size is 3,221,992  speedup is 13,097.53
receiving incremental file list

sent 20 bytes  received 90 bytes  -220.00 bytes/sec
total size is 5,668  speedup is 51.53
[2026-06-14 19:54:56] syncing CEL full results
ready: 2/3
receiving incremental file list

sent 20 bytes  received 225 bytes  163.33 bytes/sec
total size is 1,512  speedup is 6.17
receiving incremental file list

sent 20 bytes  received 222 bytes  161.33 bytes/sec
total size is 5,945,555  speedup is 24,568.41
receiving incremental file list

sent 20 bytes  received 226 bytes  164.00 bytes/sec
total size is 3,221,992  speedup is 13,097.53
receiving incremental file list

sent 20 bytes  received 90 bytes  73.33 bytes/sec
total size is 5,668  speedup is 51.53
[2026-06-14 19:57:53] syncing CEL full results
ready: 2/3
receiving incremental file list

sent 20 bytes  received 225 bytes  163.33 bytes/sec
total size is 1,512  speedup is 6.17
receiving incremental file list

sent 20 bytes  received 222 bytes  161.33 bytes/sec
total size is 5,945,555  speedup is 24,568.41
receiving incremental file list

sent 20 bytes  received 226 bytes  492.00 bytes/sec
total size is 3,221,992  speedup is 13,097.53
receiving incremental file list

sent 20 bytes  received 90 bytes  73.33 bytes/sec
total size is 5,668  speedup is 51.53
[2026-06-14 20:00:49] syncing CEL full results
ready: 2/3
receiving incremental file list

sent 20 bytes  received 225 bytes  -490.00 bytes/sec
total size is 1,512  speedup is 6.17
receiving incremental file list

sent 20 bytes  received 222 bytes  161.33 bytes/sec
total size is 5,945,555  speedup is 24,568.41
receiving incremental file list

sent 20 bytes  received 226 bytes  164.00 bytes/sec
total size is 3,221,992  speedup is 13,097.53
receiving incremental file list

sent 20 bytes  received 90 bytes  73.33 bytes/sec
total size is 5,668  speedup is 51.53
[2026-06-14 20:03:45] syncing CEL full results
ready: 2/3
receiving incremental file list

sent 20 bytes  received 225 bytes  163.33 bytes/sec
total size is 1,512  speedup is 6.17
receiving incremental file list

sent 20 bytes  received 222 bytes  161.33 bytes/sec
total size is 5,945,555  speedup is 24,568.41
receiving incremental file list

sent 20 bytes  received 226 bytes  164.00 bytes/sec
total size is 3,221,992  speedup is 13,097.53
receiving incremental file list

sent 20 bytes  received 90 bytes  73.33 bytes/sec
total size is 5,668  speedup is 51.53
[2026-06-14 20:06:42] syncing CEL full results
ready: 2/3
receiving incremental file list

sent 20 bytes  received 225 bytes  163.33 bytes/sec
total size is 1,512  speedup is 6.17
receiving incremental file list

sent 20 bytes  received 222 bytes  161.33 bytes/sec
total size is 5,945,555  speedup is 24,568.41
receiving incremental file list

sent 20 bytes  received 226 bytes  164.00 bytes/sec
total size is 3,221,992  speedup is 13,097.53
receiving incremental file list

sent 20 bytes  received 90 bytes  73.33 bytes/sec
total size is 5,668  speedup is 51.53
[2026-06-14 20:09:38] syncing CEL full results
ready: 2/3
receiving incremental file list

sent 20 bytes  received 225 bytes  163.33 bytes/sec
total size is 1,512  speedup is 6.17
receiving incremental file list

sent 20 bytes  received 222 bytes  161.33 bytes/sec
total size is 5,945,555  speedup is 24,568.41
receiving incremental file list

sent 20 bytes  received 226 bytes  164.00 bytes/sec
total size is 3,221,992  speedup is 13,097.53
receiving incremental file list

sent 20 bytes  received 90 bytes  73.33 bytes/sec
total size is 5,668  speedup is 51.53
[2026-06-14 20:12:34] syncing CEL full results
ready: 2/3
receiving incremental file list

sent 20 bytes  received 225 bytes  163.33 bytes/sec
total size is 1,512  speedup is 6.17
receiving incremental file list

sent 20 bytes  received 222 bytes  161.33 bytes/sec
total size is 5,945,555  speedup is 24,568.41
receiving incremental file list

sent 20 bytes  received 226 bytes  164.00 bytes/sec
total size is 3,221,992  speedup is 13,097.53
receiving incremental file list

sent 20 bytes  received 90 bytes  73.33 bytes/sec
total size is 5,668  speedup is 51.53
[2026-06-14 20:15:31] syncing CEL full results
ready: 2/3
receiving incremental file list

sent 20 bytes  received 225 bytes  163.33 bytes/sec
total size is 1,512  speedup is 6.17
receiving incremental file list

sent 20 bytes  received 222 bytes  161.33 bytes/sec
total size is 5,945,555  speedup is 24,568.41
receiving incremental file list

sent 20 bytes  received 226 bytes  164.00 bytes/sec
total size is 3,221,992  speedup is 13,097.53
receiving incremental file list

sent 20 bytes  received 90 bytes  73.33 bytes/sec
total size is 5,668  speedup is 51.53
[2026-06-14 20:18:27] syncing CEL full results
ready: 2/3
receiving incremental file list

sent 20 bytes  received 225 bytes  163.33 bytes/sec
total size is 1,512  speedup is 6.17
receiving incremental file list

sent 20 bytes  received 222 bytes  161.33 bytes/sec
total size is 5,945,555  speedup is 24,568.41
receiving incremental file list

sent 20 bytes  received 226 bytes  164.00 bytes/sec
total size is 3,221,992  speedup is 13,097.53
receiving incremental file list

sent 20 bytes  received 90 bytes  73.33 bytes/sec
total size is 5,668  speedup is 51.53
[2026-06-14 20:21:22] syncing CEL full results
ready: 2/3
receiving incremental file list

sent 20 bytes  received 225 bytes  163.33 bytes/sec
total size is 1,512  speedup is 6.17
receiving incremental file list

sent 20 bytes  received 222 bytes  161.33 bytes/sec
total size is 5,945,555  speedup is 24,568.41
receiving incremental file list

sent 20 bytes  received 226 bytes  164.00 bytes/sec
total size is 3,221,992  speedup is 13,097.53
receiving incremental file list

sent 20 bytes  received 90 bytes  73.33 bytes/sec
total size is 5,668  speedup is 51.53
[2026-06-14 20:24:19] syncing CEL full results
ready: 2/3
receiving incremental file list

sent 20 bytes  received 225 bytes  163.33 bytes/sec
total size is 1,512  speedup is 6.17
receiving incremental file list

sent 20 bytes  received 222 bytes  484.00 bytes/sec
total size is 5,945,555  speedup is 24,568.41
receiving incremental file list

sent 20 bytes  received 226 bytes  492.00 bytes/sec
total size is 3,221,992  speedup is 13,097.53
receiving incremental file list

sent 20 bytes  received 90 bytes  73.33 bytes/sec
total size is 5,668  speedup is 51.53
[2026-06-14 20:27:15] syncing CEL full results
ready: 2/3
receiving incremental file list

sent 20 bytes  received 225 bytes  163.33 bytes/sec
total size is 1,512  speedup is 6.17
receiving incremental file list

sent 20 bytes  received 222 bytes  161.33 bytes/sec
total size is 5,945,555  speedup is 24,568.41
receiving incremental file list

sent 20 bytes  received 226 bytes  164.00 bytes/sec
total size is 3,221,992  speedup is 13,097.53
receiving incremental file list

sent 20 bytes  received 90 bytes  73.33 bytes/sec
total size is 5,668  speedup is 51.53
[2026-06-14 20:30:11] syncing CEL full results
ready: 2/3
receiving incremental file list

sent 20 bytes  received 225 bytes  490.00 bytes/sec
total size is 1,512  speedup is 6.17
receiving incremental file list

sent 20 bytes  received 222 bytes  161.33 bytes/sec
total size is 5,945,555  speedup is 24,568.41
receiving incremental file list

sent 20 bytes  received 226 bytes  164.00 bytes/sec
total size is 3,221,992  speedup is 13,097.53
receiving incremental file list

sent 20 bytes  received 90 bytes  44.00 bytes/sec
total size is 5,668  speedup is 51.53
[2026-06-14 20:33:09] syncing CEL full results
ready: 2/3
receiving incremental file list

sent 20 bytes  received 225 bytes  163.33 bytes/sec
total size is 1,512  speedup is 6.17
receiving incremental file list

sent 20 bytes  received 222 bytes  161.33 bytes/sec
total size is 5,945,555  speedup is 24,568.41
receiving incremental file list

sent 20 bytes  received 226 bytes  164.00 bytes/sec
total size is 3,221,992  speedup is 13,097.53
receiving incremental file list

sent 20 bytes  received 90 bytes  73.33 bytes/sec
total size is 5,668  speedup is 51.53
[2026-06-14 20:36:06] syncing CEL full results
ready: 2/3
receiving incremental file list

sent 20 bytes  received 225 bytes  163.33 bytes/sec
total size is 1,512  speedup is 6.17
receiving incremental file list

sent 20 bytes  received 222 bytes  484.00 bytes/sec
total size is 5,945,555  speedup is 24,568.41
receiving incremental file list

sent 20 bytes  received 226 bytes  164.00 bytes/sec
total size is 3,221,992  speedup is 13,097.53
receiving incremental file list

sent 20 bytes  received 90 bytes  220.00 bytes/sec
total size is 5,668  speedup is 51.53
[2026-06-14 20:39:01] syncing CEL full results
ready: 2/3
receiving incremental file list

sent 20 bytes  received 225 bytes  163.33 bytes/sec
total size is 1,512  speedup is 6.17
receiving incremental file list

sent 20 bytes  received 222 bytes  161.33 bytes/sec
total size is 5,945,555  speedup is 24,568.41
receiving incremental file list

sent 20 bytes  received 226 bytes  164.00 bytes/sec
total size is 3,221,992  speedup is 13,097.53
receiving incremental file list

sent 20 bytes  received 90 bytes  73.33 bytes/sec
total size is 5,668  speedup is 51.53
[2026-06-14 20:41:57] syncing CEL full results
ready: 2/3
receiving incremental file list

sent 20 bytes  received 225 bytes  490.00 bytes/sec
total size is 1,512  speedup is 6.17
receiving incremental file list

sent 20 bytes  received 222 bytes  484.00 bytes/sec
total size is 5,945,555  speedup is 24,568.41
receiving incremental file list

sent 20 bytes  received 226 bytes  164.00 bytes/sec
total size is 3,221,992  speedup is 13,097.53
receiving incremental file list

sent 20 bytes  received 90 bytes  73.33 bytes/sec
total size is 5,668  speedup is 51.53
[2026-06-14 20:44:54] syncing CEL full results
ready: 2/3
receiving incremental file list

sent 20 bytes  received 225 bytes  490.00 bytes/sec
total size is 1,512  speedup is 6.17
receiving incremental file list

sent 20 bytes  received 222 bytes  161.33 bytes/sec
total size is 5,945,555  speedup is 24,568.41
receiving incremental file list

sent 20 bytes  received 226 bytes  164.00 bytes/sec
total size is 3,221,992  speedup is 13,097.53
receiving incremental file list

sent 20 bytes  received 90 bytes  73.33 bytes/sec
total size is 5,668  speedup is 51.53
[2026-06-14 20:47:50] syncing CEL full results
ready: 2/3
receiving incremental file list

sent 20 bytes  received 225 bytes  163.33 bytes/sec
total size is 1,512  speedup is 6.17
receiving incremental file list

sent 20 bytes  received 222 bytes  161.33 bytes/sec
total size is 5,945,555  speedup is 24,568.41
receiving incremental file list

sent 20 bytes  received 226 bytes  164.00 bytes/sec
total size is 3,221,992  speedup is 13,097.53
receiving incremental file list

sent 20 bytes  received 90 bytes  73.33 bytes/sec
total size is 5,668  speedup is 51.53
[2026-06-14 20:50:46] syncing CEL full results
ready: 2/3
receiving incremental file list

sent 20 bytes  received 225 bytes  490.00 bytes/sec
total size is 1,512  speedup is 6.17
receiving incremental file list

sent 20 bytes  received 222 bytes  484.00 bytes/sec
total size is 5,945,555  speedup is 24,568.41
receiving incremental file list

sent 20 bytes  received 226 bytes  164.00 bytes/sec
total size is 3,221,992  speedup is 13,097.53
receiving incremental file list

sent 20 bytes  received 90 bytes  220.00 bytes/sec
total size is 5,668  speedup is 51.53
[2026-06-14 20:53:42] syncing CEL full results
ready: 2/3
receiving incremental file list

sent 20 bytes  received 225 bytes  163.33 bytes/sec
total size is 1,512  speedup is 6.17
receiving incremental file list

sent 20 bytes  received 222 bytes  161.33 bytes/sec
total size is 5,945,555  speedup is 24,568.41
receiving incremental file list

sent 20 bytes  received 226 bytes  164.00 bytes/sec
total size is 3,221,992  speedup is 13,097.53
receiving incremental file list

sent 20 bytes  received 90 bytes  44.00 bytes/sec
total size is 5,668  speedup is 51.53
[2026-06-14 20:56:41] syncing CEL full results
ready: 2/3
receiving incremental file list

sent 20 bytes  received 225 bytes  163.33 bytes/sec
total size is 1,512  speedup is 6.17
receiving incremental file list

sent 20 bytes  received 222 bytes  161.33 bytes/sec
total size is 5,945,555  speedup is 24,568.41
receiving incremental file list

sent 20 bytes  received 226 bytes  164.00 bytes/sec
total size is 3,221,992  speedup is 13,097.53
receiving incremental file list

sent 20 bytes  received 90 bytes  73.33 bytes/sec
total size is 5,668  speedup is 51.53
[2026-06-14 20:59:36] syncing CEL full results
ready: 2/3
receiving incremental file list

sent 20 bytes  received 225 bytes  490.00 bytes/sec
total size is 1,512  speedup is 6.17
receiving incremental file list

sent 20 bytes  received 222 bytes  484.00 bytes/sec
total size is 5,945,555  speedup is 24,568.41
receiving incremental file list

sent 20 bytes  received 226 bytes  492.00 bytes/sec
total size is 3,221,992  speedup is 13,097.53
receiving incremental file list

sent 20 bytes  received 90 bytes  220.00 bytes/sec
total size is 5,668  speedup is 51.53
[2026-06-14 21:02:32] syncing CEL full results
ready: 2/3
receiving incremental file list

sent 20 bytes  received 225 bytes  163.33 bytes/sec
total size is 1,512  speedup is 6.17
receiving incremental file list

sent 20 bytes  received 222 bytes  161.33 bytes/sec
total size is 5,945,555  speedup is 24,568.41
receiving incremental file list

sent 20 bytes  received 226 bytes  164.00 bytes/sec
total size is 3,221,992  speedup is 13,097.53
receiving incremental file list
CEL_Stage1_DialogueKT_实验记录.md

sent 103 bytes  received 845 bytes  632.00 bytes/sec
total size is 5,668  speedup is 5.98
[2026-06-14 21:05:30] syncing CEL full results
ready: 2/3
receiving incremental file list

sent 20 bytes  received 225 bytes  163.33 bytes/sec
total size is 1,512  speedup is 6.17
receiving incremental file list

sent 20 bytes  received 222 bytes  161.33 bytes/sec
total size is 5,945,555  speedup is 24,568.41
receiving incremental file list

sent 20 bytes  received 226 bytes  164.00 bytes/sec
total size is 3,221,992  speedup is 13,097.53
receiving incremental file list

sent 20 bytes  received 90 bytes  73.33 bytes/sec
total size is 5,668  speedup is 51.53
[2026-06-14 21:08:27] syncing CEL full results
ready: 2/3
receiving incremental file list

sent 20 bytes  received 225 bytes  163.33 bytes/sec
total size is 1,512  speedup is 6.17
receiving incremental file list

sent 20 bytes  received 222 bytes  161.33 bytes/sec
total size is 5,945,555  speedup is 24,568.41
receiving incremental file list

sent 20 bytes  received 226 bytes  164.00 bytes/sec
total size is 3,221,992  speedup is 13,097.53
receiving incremental file list

sent 20 bytes  received 90 bytes  73.33 bytes/sec
total size is 5,668  speedup is 51.53
[2026-06-14 21:11:23] syncing CEL full results
ready: 2/3
receiving incremental file list

sent 20 bytes  received 225 bytes  163.33 bytes/sec
total size is 1,512  speedup is 6.17
receiving incremental file list

sent 20 bytes  received 222 bytes  161.33 bytes/sec
total size is 5,945,555  speedup is 24,568.41
receiving incremental file list

sent 20 bytes  received 226 bytes  164.00 bytes/sec
total size is 3,221,992  speedup is 13,097.53
receiving incremental file list

sent 20 bytes  received 90 bytes  44.00 bytes/sec
total size is 5,668  speedup is 51.53
[2026-06-14 21:14:22] syncing CEL full results
ready: 2/3
receiving incremental file list

sent 20 bytes  received 225 bytes  163.33 bytes/sec
total size is 1,512  speedup is 6.17
receiving incremental file list

sent 20 bytes  received 222 bytes  161.33 bytes/sec
total size is 5,945,555  speedup is 24,568.41
receiving incremental file list

sent 20 bytes  received 226 bytes  164.00 bytes/sec
total size is 3,221,992  speedup is 13,097.53
receiving incremental file list

sent 20 bytes  received 90 bytes  73.33 bytes/sec
total size is 5,668  speedup is 51.53
[2026-06-14 21:17:17] syncing CEL full results
ready: 2/3
receiving incremental file list

sent 20 bytes  received 225 bytes  163.33 bytes/sec
total size is 1,512  speedup is 6.17
receiving incremental file list

sent 20 bytes  received 222 bytes  161.33 bytes/sec
total size is 5,945,555  speedup is 24,568.41
receiving incremental file list

sent 20 bytes  received 226 bytes  164.00 bytes/sec
total size is 3,221,992  speedup is 13,097.53
receiving incremental file list

sent 20 bytes  received 90 bytes  220.00 bytes/sec
total size is 5,668  speedup is 51.53
[2026-06-14 21:20:13] syncing CEL full results
ready: 2/3
receiving incremental file list

sent 20 bytes  received 225 bytes  163.33 bytes/sec
total size is 1,512  speedup is 6.17
receiving incremental file list

sent 20 bytes  received 222 bytes  161.33 bytes/sec
total size is 5,945,555  speedup is 24,568.41
receiving incremental file list

sent 20 bytes  received 226 bytes  164.00 bytes/sec
total size is 3,221,992  speedup is 13,097.53
receiving incremental file list

sent 20 bytes  received 90 bytes  220.00 bytes/sec
total size is 5,668  speedup is 51.53
[2026-06-14 21:23:10] syncing CEL full results
ready: 2/3
receiving incremental file list
metrics_cel_task_conditioned_qwen3_1.7b.txt

sent 43 bytes  received 472 bytes  206.00 bytes/sec
total size is 1,824  speedup is 3.54
receiving incremental file list
qual_cel_task_conditioned_qwen3_1.7b.csv

sent 43 bytes  received 354,738 bytes  236,520.67 bytes/sec
total size is 8,827,506  speedup is 24.88
receiving incremental file list
kcs_cel_task_conditioned_qwen3_1.7b.json

sent 43 bytes  received 80,860 bytes  32,361.20 bytes/sec
total size is 4,783,894  speedup is 59.13
receiving incremental file list

sent 20 bytes  received 90 bytes  73.33 bytes/sec
total size is 5,668  speedup is 51.53
[2026-06-14 21:26:09] syncing CEL full results
ready: 3/3
[2026-06-14 21:26:09] all CEL full results synced
| Model | Loss | Overall Acc | Overall AUC | Overall Prec | Overall Rec | Overall F1 | Final Acc | Final AUC | Final Prec | Final Rec | Final F1 |
|---|---|---|---|---|---|---|---|---|---|---|---|
| cel_mlp_qwen3_1.7b | 0.6664 | 61.11 | 67.08 | 58.09 | 64.15 | 60.97 | 59.03 | 74.12 | 88.37 | 50.53 | 64.30 |
| cel_adapter_qwen3_1.7b | 0.6432 | 64.43 | 69.15 | 63.70 | 57.87 | 60.65 | 54.17 | 77.34 | 92.17 | 40.69 | 56.46 |
| cel_task_conditioned_qwen3_1.7b | 0.6403 | 64.28 | 68.29 | 71.92 | 40.32 | 51.67 | 41.36 | 76.15 | 94.05 | 21.01 | 34.35 |
