[2026-06-20 00:48:50] waiting for primary loop to finish
[2026-06-20 00:53:50] waiting for primary loop to finish
[2026-06-20 00:58:51] waiting for primary loop to finish
[2026-06-20 00:59:54] waiting for primary loop to finish
[2026-06-20 01:04:54] waiting for primary loop to finish
[2026-06-20 01:09:54] waiting for primary loop to finish
[2026-06-20 01:14:54] waiting for primary loop to finish
[2026-06-20 01:15:17] waiting for primary loop to finish
[2026-06-20 01:20:17] waiting for primary loop to finish
[2026-06-20 01:21:41] waiting for primary loop to finish
[2026-06-20 01:26:41] waiting for primary loop to finish
[2026-06-20 01:31:41] waiting for primary loop to finish
[2026-06-20 01:36:41] waiting for primary loop to finish
[2026-06-20 01:41:41] waiting for primary loop to finish
[2026-06-20 01:46:41] waiting for primary loop to finish
[2026-06-20 01:50:51] waiting for primary loop to finish
[2026-06-20 01:52:51] waiting for primary loop to finish
[2026-06-20 01:54:51] waiting for primary loop to finish
[2026-06-20 01:56:51] waiting for primary loop to finish
[2026-06-20 01:58:51] waiting for primary loop to finish
[2026-06-20 01:59:52] waiting for primary loop to finish
[2026-06-20 02:01:52] waiting for primary loop to finish
[2026-06-20 02:03:52] waiting for primary loop to finish
[2026-06-20 02:05:52] waiting for primary loop to finish
[2026-06-20 02:07:52] waiting for primary loop to finish
[2026-06-20 02:09:52] waiting for primary loop to finish
[2026-06-20 02:11:52] waiting for primary loop to finish
[2026-06-20 02:13:52] waiting for primary loop to finish
[2026-06-20 02:15:52] waiting for primary loop to finish
[2026-06-20 02:17:52] waiting for primary loop to finish
[2026-06-20 02:19:52] waiting for primary loop to finish
[2026-06-20 02:21:52] waiting for primary loop to finish
[2026-06-20 02:23:52] waiting for primary loop to finish
[2026-06-20 02:25:52] waiting for primary loop to finish
[2026-06-20 02:27:52] waiting for primary loop to finish
[2026-06-20 02:29:52] waiting for primary loop to finish
[2026-06-20 02:30:57] waiting for primary loop to finish
[2026-06-20 02:32:57] waiting for primary loop to finish
[2026-06-20 02:33:32] waiting for primary loop to finish
[2026-06-20 02:34:32] waiting for primary loop to finish
[2026-06-20 02:35:32] waiting for primary loop to finish
[2026-06-20 02:36:32] waiting for primary loop to finish
[2026-06-20 02:37:32] waiting for primary loop to finish
[2026-06-20 02:38:32] waiting for primary loop to finish
[2026-06-20 02:39:32] waiting for primary loop to finish
[2026-06-20 02:40:32] waiting for primary loop to finish
[2026-06-20 02:41:32] waiting for primary loop to finish
[2026-06-20 02:42:32] waiting for primary loop to finish
[2026-06-20 02:43:32] waiting for primary loop to finish
[2026-06-20 02:44:32] waiting for primary loop to finish
[2026-06-20 02:45:32] waiting for primary loop to finish
[2026-06-20 02:46:32] waiting for primary loop to finish
[2026-06-20 02:47:32] waiting for primary loop to finish
[2026-06-20 02:48:32] waiting for primary loop to finish
[2026-06-20 02:49:32] waiting for primary loop to finish
[2026-06-20 02:50:32] waiting for primary loop to finish
[2026-06-20 02:51:32] waiting for primary loop to finish
[2026-06-20 02:52:32] waiting for primary loop to finish
[2026-06-20 02:53:32] waiting for primary loop to finish
[2026-06-20 02:54:32] waiting for primary loop to finish
[2026-06-20 02:55:32] waiting for primary loop to finish
[2026-06-20 02:56:03] waiting for primary loop to finish
[2026-06-20 02:57:03] waiting for primary loop to finish
[2026-06-20 02:58:03] waiting for primary loop to finish
[2026-06-20 02:59:03] waiting for primary loop to finish
[2026-06-20 03:00:03] waiting for primary loop to finish
[2026-06-20 03:01:03] waiting for primary loop to finish
[2026-06-20 03:02:03] waiting for primary loop to finish
[2026-06-20 03:03:03] waiting for primary loop to finish
[2026-06-20 03:04:03] waiting for primary loop to finish
[2026-06-20 03:05:03] waiting for primary loop to finish
[2026-06-20 03:06:03] waiting for primary loop to finish
[2026-06-20 03:07:03] waiting for primary loop to finish
[2026-06-20 03:08:03] waiting for primary loop to finish
[2026-06-20 03:09:03] waiting for primary loop to finish
[2026-06-20 03:10:47] waiting for primary loop to finish
[2026-06-20 03:11:47] waiting for primary loop to finish
[2026-06-20 03:12:47] waiting for primary loop to finish
[2026-06-20 03:13:47] waiting for primary loop to finish
[2026-06-20 03:14:48] waiting for primary loop to finish
[2026-06-20 03:15:48] waiting for primary loop to finish
[2026-06-20 03:16:48] waiting for primary loop to finish
[2026-06-20 03:29:01] waiting for primary loop to finish
[2026-06-20 03:30:01] waiting for primary loop to finish
[2026-06-20 03:31:01] waiting for primary loop to finish
[2026-06-20 03:32:01] waiting for primary loop to finish
[2026-06-20 03:33:01] waiting for primary loop to finish
[2026-06-20 03:34:01] waiting for primary loop to finish
[2026-06-20 03:35:01] waiting for primary loop to finish
[2026-06-20 03:36:01] waiting for primary loop to finish
[2026-06-20 03:37:01] waiting for primary loop to finish
[2026-06-20 03:38:35] waiting for primary loop to finish
[2026-06-20 03:39:35] waiting for primary loop to finish
[2026-06-20 03:40:35] waiting for primary loop to finish
[2026-06-20 03:41:22] waiting for primary loop to finish
[2026-06-20 03:42:22] waiting for primary loop to finish
[2026-06-20 03:43:22] waiting for primary loop to finish
[2026-06-20 03:44:22] waiting for primary loop to finish
[2026-06-20 03:45:22] waiting for primary loop to finish
[2026-06-20 03:46:22] waiting for primary loop to finish
[2026-06-20 03:47:22] waiting for primary loop to finish
[2026-06-20 03:48:22] waiting for primary loop to finish
[2026-06-20 03:49:22] waiting for primary loop to finish
[2026-06-20 03:50:22] waiting for primary loop to finish
[2026-06-20 03:51:22] waiting for primary loop to finish
[2026-06-20 03:52:22] waiting for primary loop to finish
[2026-06-20 03:53:22] waiting for primary loop to finish
[2026-06-20 03:54:22] waiting for primary loop to finish
[2026-06-20 03:55:22] waiting for primary loop to finish
[2026-06-20 03:56:22] waiting for primary loop to finish
[2026-06-20 03:57:22] waiting for primary loop to finish
[2026-06-20 03:58:22] waiting for primary loop to finish
[2026-06-20 03:59:22] waiting for primary loop to finish
[2026-06-20 04:00:22] waiting for primary loop to finish
[2026-06-20 04:01:22] waiting for primary loop to finish
[2026-06-20 04:02:22] waiting for primary loop to finish
[2026-06-20 04:03:23] waiting for primary loop to finish
[2026-06-20 04:04:23] waiting for primary loop to finish
[2026-06-20 04:05:23] waiting for primary loop to finish
[2026-06-20 04:06:23] waiting for primary loop to finish
[2026-06-20 04:07:23] waiting for primary loop to finish
[2026-06-20 04:08:23] waiting for primary loop to finish
[2026-06-20 04:09:23] waiting for primary loop to finish
[2026-06-20 04:10:23] waiting for primary loop to finish
[2026-06-20 04:11:23] waiting for primary loop to finish
[2026-06-20 04:12:23] waiting for primary loop to finish
[2026-06-20 04:13:23] waiting for primary loop to finish
[2026-06-20 04:14:23] waiting for primary loop to finish
[2026-06-20 04:15:24] waiting for primary loop to finish
[2026-06-20 04:15:45] waiting for primary loop to finish
[2026-06-20 04:16:24] waiting for primary loop to finish
[2026-06-20 04:17:24] waiting for primary loop to finish
[2026-06-20 04:18:24] waiting for primary loop to finish
[2026-06-20 04:19:24] waiting for primary loop to finish
[2026-06-20 04:20:24] waiting for primary loop to finish
[2026-06-20 04:21:24] waiting for primary loop to finish
[2026-06-20 04:22:24] waiting for primary loop to finish
[2026-06-20 04:23:24] waiting for primary loop to finish
[2026-06-20 04:24:24] waiting for primary loop to finish
[2026-06-20 04:25:24] waiting for primary loop to finish
[2026-06-20 04:26:24] waiting for primary loop to finish
[2026-06-20 04:27:24] waiting for primary loop to finish
[2026-06-20 04:28:24] waiting for primary loop to finish
[2026-06-20 04:29:24] waiting for primary loop to finish
[2026-06-20 04:30:24] waiting for primary loop to finish
[2026-06-20 04:31:24] waiting for primary loop to finish
[2026-06-20 04:32:24] waiting for primary loop to finish
[2026-06-20 04:33:24] waiting for primary loop to finish
[2026-06-20 04:34:24] waiting for primary loop to finish
[2026-06-20 04:35:24] waiting for primary loop to finish
[2026-06-20 04:36:25] waiting for primary loop to finish
[2026-06-20 04:37:25] waiting for primary loop to finish
[2026-06-20 04:38:25] waiting for primary loop to finish
[2026-06-20 04:39:25] waiting for primary loop to finish
[2026-06-20 04:40:25] waiting for primary loop to finish
[2026-06-20 04:41:25] waiting for primary loop to finish
[2026-06-20 04:42:25] waiting for primary loop to finish
[2026-06-20 04:43:25] waiting for primary loop to finish
[2026-06-20 04:44:25] waiting for primary loop to finish
[2026-06-20 04:45:25] waiting for primary loop to finish
[2026-06-20 04:46:25] waiting for primary loop to finish
[2026-06-20 04:47:25] waiting for primary loop to finish
[2026-06-20 04:48:25] waiting for primary loop to finish
[2026-06-20 04:49:25] waiting for primary loop to finish
[2026-06-20 04:50:25] waiting for primary loop to finish
[2026-06-20 04:51:25] waiting for primary loop to finish
[2026-06-20 04:52:25] waiting for primary loop to finish
[2026-06-20 04:53:25] waiting for primary loop to finish
[2026-06-20 04:54:25] waiting for primary loop to finish
[2026-06-20 04:55:25] waiting for primary loop to finish
[2026-06-20 04:56:25] waiting for primary loop to finish
[2026-06-20 04:57:26] waiting for primary loop to finish
[2026-06-20 04:58:26] waiting for primary loop to finish
[2026-06-20 04:59:26] waiting for primary loop to finish
[2026-06-20 05:00:26] waiting for primary loop to finish
[2026-06-20 05:01:26] waiting for primary loop to finish
[2026-06-20 05:02:26] waiting for primary loop to finish
[2026-06-20 05:03:26] waiting for primary loop to finish
[2026-06-20 05:04:26] waiting for primary loop to finish
[2026-06-20 05:05:26] waiting for primary loop to finish
[2026-06-20 05:06:26] waiting for primary loop to finish
[2026-06-20 05:07:26] waiting for primary loop to finish
[2026-06-20 05:08:26] waiting for primary loop to finish
[2026-06-20 05:09:26] waiting for primary loop to finish
[2026-06-20 05:10:26] waiting for primary loop to finish
[2026-06-20 05:11:26] waiting for primary loop to finish
[2026-06-20 05:12:26] waiting for primary loop to finish
[2026-06-20 05:13:26] waiting for primary loop to finish
[2026-06-20 05:14:26] waiting for primary loop to finish
[2026-06-20 05:15:26] waiting for primary loop to finish
[2026-06-20 05:16:26] waiting for primary loop to finish
[2026-06-20 05:17:26] waiting for primary loop to finish
[2026-06-20 05:18:26] waiting for primary loop to finish
[2026-06-20 05:19:26] waiting for primary loop to finish
[2026-06-20 05:20:26] waiting for primary loop to finish
[2026-06-20 05:21:26] waiting for primary loop to finish
[2026-06-20 05:22:26] waiting for primary loop to finish
[2026-06-20 05:23:26] waiting for primary loop to finish
[2026-06-20 05:24:27] waiting for primary loop to finish
[2026-06-20 05:25:27] waiting for primary loop to finish
[2026-06-20 05:26:27] waiting for primary loop to finish
[2026-06-20 05:27:27] waiting for primary loop to finish
[2026-06-20 05:28:27] waiting for primary loop to finish
[2026-06-20 05:29:27] waiting for primary loop to finish
[2026-06-20 05:30:27] waiting for primary loop to finish
[2026-06-20 05:31:27] waiting for primary loop to finish
[2026-06-20 05:32:27] waiting for primary loop to finish
[2026-06-20 05:33:27] waiting for primary loop to finish
[2026-06-20 05:34:27] waiting for primary loop to finish
[2026-06-20 05:35:27] waiting for primary loop to finish
[2026-06-20 05:36:27] waiting for primary loop to finish
[2026-06-20 05:37:27] waiting for primary loop to finish
[2026-06-20 05:38:27] waiting for primary loop to finish
[2026-06-20 05:39:27] waiting for primary loop to finish
[2026-06-20 05:40:27] waiting for primary loop to finish
[2026-06-20 05:41:27] waiting for primary loop to finish
[2026-06-20 05:42:27] waiting for primary loop to finish
[2026-06-20 05:43:27] waiting for primary loop to finish
[2026-06-20 05:44:27] waiting for primary loop to finish
[2026-06-20 05:45:27] waiting for primary loop to finish
[2026-06-20 05:46:27] waiting for primary loop to finish
[2026-06-20 05:47:27] waiting for primary loop to finish
[2026-06-20 05:48:27] waiting for primary loop to finish
[2026-06-20 05:49:27] waiting for primary loop to finish
[2026-06-20 05:50:27] waiting for primary loop to finish
[2026-06-20 05:51:27] waiting for primary loop to finish
[2026-06-20 05:52:28] waiting for primary loop to finish
[2026-06-20 05:53:28] waiting for primary loop to finish
[2026-06-20 05:54:28] waiting for primary loop to finish
[2026-06-20 05:55:28] waiting for primary loop to finish
[2026-06-20 05:56:28] waiting for primary loop to finish
[2026-06-20 05:57:28] waiting for primary loop to finish
[2026-06-20 05:58:28] waiting for primary loop to finish
[2026-06-20 05:59:28] waiting for primary loop to finish
[2026-06-20 06:00:28] waiting for primary loop to finish
[2026-06-20 06:01:28] waiting for primary loop to finish
[2026-06-20 06:02:28] waiting for primary loop to finish
[2026-06-20 06:03:28] waiting for primary loop to finish
[2026-06-20 06:04:28] waiting for primary loop to finish
[2026-06-20 06:05:28] waiting for primary loop to finish
[2026-06-20 06:06:28] waiting for primary loop to finish
[2026-06-20 06:07:28] waiting for primary loop to finish
[2026-06-20 06:08:28] waiting for primary loop to finish
[2026-06-20 06:09:28] waiting for primary loop to finish
[2026-06-20 06:10:28] waiting for primary loop to finish
[2026-06-20 06:11:28] waiting for primary loop to finish
[2026-06-20 06:12:28] waiting for primary loop to finish
[2026-06-20 06:13:28] waiting for primary loop to finish
[2026-06-20 06:14:28] waiting for primary loop to finish
[2026-06-20 06:15:28] waiting for primary loop to finish
[2026-06-20 06:16:28] waiting for primary loop to finish
[2026-06-20 06:17:28] waiting for primary loop to finish
[2026-06-20 06:18:28] waiting for primary loop to finish
[2026-06-20 06:19:29] waiting for primary loop to finish
[2026-06-20 06:20:29] waiting for primary loop to finish
[2026-06-20 06:21:29] waiting for primary loop to finish
[2026-06-20 06:22:29] waiting for primary loop to finish
[2026-06-20 06:23:29] waiting for primary loop to finish
[2026-06-20 06:24:29] waiting for primary loop to finish
[2026-06-20 06:25:29] waiting for primary loop to finish
[2026-06-20 06:26:29] waiting for primary loop to finish
[2026-06-20 06:27:29] waiting for primary loop to finish
[2026-06-20 06:28:29] waiting for primary loop to finish
[2026-06-20 06:29:29] waiting for primary loop to finish
[2026-06-20 06:30:29] waiting for primary loop to finish
[2026-06-20 06:31:29] waiting for primary loop to finish
[2026-06-20 06:32:29] waiting for primary loop to finish
[2026-06-20 06:33:29] waiting for primary loop to finish
[2026-06-20 06:34:29] waiting for primary loop to finish
[2026-06-20 06:35:29] waiting for primary loop to finish
[2026-06-20 06:36:29] waiting for primary loop to finish
[2026-06-20 06:37:29] waiting for primary loop to finish
[2026-06-20 06:38:29] waiting for primary loop to finish
[2026-06-20 06:39:29] waiting for primary loop to finish
[2026-06-20 06:40:29] waiting for primary loop to finish
[2026-06-20 06:41:29] waiting for primary loop to finish
[2026-06-20 06:42:29] waiting for primary loop to finish
[2026-06-20 06:43:29] waiting for primary loop to finish
[2026-06-20 06:44:29] waiting for primary loop to finish
[2026-06-20 06:45:29] waiting for primary loop to finish
[2026-06-20 06:46:29] waiting for primary loop to finish
[2026-06-20 06:47:29] waiting for primary loop to finish
[2026-06-20 06:48:30] waiting for primary loop to finish
[2026-06-20 06:49:30] waiting for primary loop to finish
[2026-06-20 06:50:30] waiting for primary loop to finish
[2026-06-20 06:51:30] waiting for primary loop to finish
[2026-06-20 06:52:30] waiting for primary loop to finish
[2026-06-20 06:53:30] waiting for primary loop to finish
[2026-06-20 06:54:30] waiting for primary loop to finish
[2026-06-20 06:55:30] waiting for primary loop to finish
[2026-06-20 06:56:30] waiting for primary loop to finish
[2026-06-20 06:57:30] waiting for primary loop to finish
[2026-06-20 06:58:30] waiting for primary loop to finish
[2026-06-20 06:59:30] waiting for primary loop to finish
[2026-06-20 07:00:30] waiting for primary loop to finish
[2026-06-20 07:01:30] waiting for primary loop to finish
[2026-06-20 07:02:30] waiting for primary loop to finish
[2026-06-20 07:03:30] waiting for primary loop to finish
[2026-06-20 07:04:30] waiting for primary loop to finish
[2026-06-20 07:05:30] waiting for primary loop to finish
[2026-06-20 07:06:30] waiting for primary loop to finish
[2026-06-20 07:07:30] waiting for primary loop to finish
[2026-06-20 07:08:30] waiting for primary loop to finish
[2026-06-20 07:09:30] waiting for primary loop to finish
[2026-06-20 07:10:30] waiting for primary loop to finish
[2026-06-20 07:11:30] waiting for primary loop to finish
[2026-06-20 07:12:30] waiting for primary loop to finish
[2026-06-20 07:13:30] waiting for primary loop to finish
[2026-06-20 07:14:30] waiting for primary loop to finish
[2026-06-20 07:15:30] waiting for primary loop to finish
[2026-06-20 07:16:31] waiting for primary loop to finish
[2026-06-20 07:17:31] waiting for primary loop to finish
[2026-06-20 07:18:31] waiting for primary loop to finish
[2026-06-20 07:19:31] waiting for primary loop to finish
[2026-06-20 07:20:31] waiting for primary loop to finish
[2026-06-20 07:21:31] waiting for primary loop to finish
[2026-06-20 07:22:31] waiting for primary loop to finish
[2026-06-20 07:23:31] waiting for primary loop to finish
[2026-06-20 07:24:31] waiting for primary loop to finish
[2026-06-20 07:25:31] waiting for primary loop to finish
[2026-06-20 07:26:31] waiting for primary loop to finish
[2026-06-20 07:27:31] waiting for primary loop to finish
[2026-06-20 07:28:31] waiting for primary loop to finish
[2026-06-20 07:29:31] waiting for primary loop to finish
[2026-06-20 07:30:31] waiting for primary loop to finish
[2026-06-20 07:31:31] waiting for primary loop to finish
[2026-06-20 07:32:31] waiting for primary loop to finish
[2026-06-20 07:33:31] waiting for primary loop to finish
[2026-06-20 07:34:31] waiting for primary loop to finish
[2026-06-20 07:35:31] waiting for primary loop to finish
[2026-06-20 07:36:31] waiting for primary loop to finish
[2026-06-20 07:37:31] waiting for primary loop to finish
[2026-06-20 07:38:31] waiting for primary loop to finish
[2026-06-20 07:39:31] waiting for primary loop to finish
[2026-06-20 07:40:31] waiting for primary loop to finish
[2026-06-20 07:41:31] waiting for primary loop to finish
[2026-06-20 07:42:31] waiting for primary loop to finish
[2026-06-20 07:43:32] waiting for primary loop to finish
[2026-06-20 07:44:32] waiting for primary loop to finish
[2026-06-20 07:45:32] waiting for primary loop to finish
[2026-06-20 07:46:32] waiting for primary loop to finish
[2026-06-20 07:47:32] waiting for primary loop to finish
[2026-06-20 07:48:32] waiting for primary loop to finish
[2026-06-20 07:49:32] waiting for primary loop to finish
[2026-06-20 07:50:32] waiting for primary loop to finish
[2026-06-20 07:51:32] waiting for primary loop to finish
[2026-06-20 07:52:32] waiting for primary loop to finish
[2026-06-20 07:53:32] waiting for primary loop to finish
[2026-06-20 07:54:32] waiting for primary loop to finish
[2026-06-20 07:55:32] waiting for primary loop to finish
[2026-06-20 07:56:32] waiting for primary loop to finish
[2026-06-20 07:57:32] waiting for primary loop to finish
[2026-06-20 07:58:32] waiting for primary loop to finish
[2026-06-20 07:59:32] waiting for primary loop to finish
[2026-06-20 08:00:32] waiting for primary loop to finish
[2026-06-20 08:01:32] waiting for primary loop to finish
[2026-06-20 08:02:32] waiting for primary loop to finish
[2026-06-20 08:03:32] waiting for primary loop to finish
[2026-06-20 08:04:32] waiting for primary loop to finish
[2026-06-20 08:05:32] waiting for primary loop to finish
[2026-06-20 08:06:32] waiting for primary loop to finish
[2026-06-20 08:07:32] waiting for primary loop to finish
[2026-06-20 08:08:32] waiting for primary loop to finish
[2026-06-20 08:09:32] waiting for primary loop to finish
[2026-06-20 08:10:32] waiting for primary loop to finish
[2026-06-20 08:11:33] waiting for primary loop to finish
[2026-06-20 08:12:33] waiting for primary loop to finish
[2026-06-20 08:13:33] waiting for primary loop to finish
[2026-06-20 08:14:33] waiting for primary loop to finish
[2026-06-20 08:15:33] waiting for primary loop to finish
[2026-06-20 08:16:33] waiting for primary loop to finish
[2026-06-20 08:17:33] waiting for primary loop to finish
[2026-06-20 08:18:33] waiting for primary loop to finish
[2026-06-20 08:19:33] waiting for primary loop to finish
[2026-06-20 08:20:33] waiting for primary loop to finish
[2026-06-20 08:21:33] waiting for primary loop to finish
[2026-06-20 08:22:33] waiting for primary loop to finish
[2026-06-20 08:23:33] waiting for primary loop to finish
[2026-06-20 08:24:33] waiting for primary loop to finish
[2026-06-20 08:25:33] waiting for primary loop to finish
[2026-06-20 08:26:33] waiting for primary loop to finish
[2026-06-20 08:27:33] waiting for primary loop to finish
[2026-06-20 08:28:33] waiting for primary loop to finish
[2026-06-20 08:29:33] waiting for primary loop to finish
[2026-06-20 08:30:33] waiting for primary loop to finish
[2026-06-20 08:31:33] waiting for primary loop to finish
[2026-06-20 08:32:33] waiting for primary loop to finish
[2026-06-20 08:33:33] waiting for primary loop to finish
[2026-06-20 08:34:33] waiting for primary loop to finish
[2026-06-20 08:35:33] waiting for primary loop to finish
[2026-06-20 08:36:33] waiting for primary loop to finish
[2026-06-20 08:37:33] waiting for primary loop to finish
[2026-06-20 08:38:33] waiting for primary loop to finish
[2026-06-20 08:39:34] waiting for primary loop to finish
[2026-06-20 08:40:34] waiting for primary loop to finish
[2026-06-20 08:41:34] waiting for primary loop to finish
[2026-06-20 08:42:34] waiting for primary loop to finish
[2026-06-20 08:43:34] waiting for primary loop to finish
[2026-06-20 08:44:34] waiting for primary loop to finish
[2026-06-20 08:45:34] waiting for primary loop to finish
[2026-06-20 08:46:34] waiting for primary loop to finish
[2026-06-20 08:47:34] waiting for primary loop to finish
[2026-06-20 08:48:34] waiting for primary loop to finish
[2026-06-20 08:49:34] waiting for primary loop to finish
[2026-06-20 08:50:34] waiting for primary loop to finish
[2026-06-20 08:51:34] waiting for primary loop to finish
[2026-06-20 08:52:34] waiting for primary loop to finish
[2026-06-20 08:53:34] waiting for primary loop to finish
[2026-06-20 08:54:34] waiting for primary loop to finish
[2026-06-20 08:55:34] waiting for primary loop to finish
[2026-06-20 08:56:34] waiting for primary loop to finish
[2026-06-20 08:57:34] waiting for primary loop to finish
[2026-06-20 08:58:34] waiting for primary loop to finish
[2026-06-20 08:59:34] waiting for primary loop to finish
[2026-06-20 09:00:34] waiting for primary loop to finish
[2026-06-20 09:01:34] waiting for primary loop to finish
[2026-06-20 09:02:34] waiting for primary loop to finish
[2026-06-20 09:03:34] waiting for primary loop to finish
[2026-06-20 09:04:34] waiting for primary loop to finish
[2026-06-20 09:05:34] waiting for primary loop to finish
[2026-06-20 09:06:34] waiting for primary loop to finish
[2026-06-20 09:07:35] waiting for primary loop to finish
[2026-06-20 09:08:35] waiting for primary loop to finish
[2026-06-20 09:09:35] waiting for primary loop to finish
[2026-06-20 09:10:35] waiting for primary loop to finish
[2026-06-20 09:11:35] waiting for primary loop to finish
[2026-06-20 09:12:35] waiting for primary loop to finish
[2026-06-20 09:13:35] waiting for primary loop to finish
[2026-06-20 09:14:35] waiting for primary loop to finish
[2026-06-20 09:15:35] waiting for primary loop to finish
[2026-06-20 09:16:35] waiting for primary loop to finish
[2026-06-20 09:17:35] waiting for primary loop to finish
[2026-06-20 09:18:35] waiting for primary loop to finish
[2026-06-20 09:19:35] waiting for primary loop to finish
[2026-06-20 09:20:35] waiting for primary loop to finish
[2026-06-20 09:21:35] waiting for primary loop to finish
[2026-06-20 09:22:35] waiting for primary loop to finish
[2026-06-20 09:23:35] waiting for primary loop to finish
[2026-06-20 09:24:35] waiting for primary loop to finish
[2026-06-20 09:25:35] waiting for primary loop to finish
[2026-06-20 09:26:35] waiting for primary loop to finish
[2026-06-20 09:27:35] waiting for primary loop to finish
[2026-06-20 09:28:35] waiting for primary loop to finish
[2026-06-20 09:29:35] waiting for primary loop to finish
[2026-06-20 09:30:35] waiting for primary loop to finish
[2026-06-20 09:31:35] waiting for primary loop to finish
[2026-06-20 09:32:35] waiting for primary loop to finish
[2026-06-20 09:33:35] waiting for primary loop to finish
[2026-06-20 09:34:36] waiting for primary loop to finish
[2026-06-20 09:35:36] waiting for primary loop to finish
[2026-06-20 09:36:36] waiting for primary loop to finish
[2026-06-20 09:37:36] waiting for primary loop to finish
[2026-06-20 09:38:36] waiting for primary loop to finish
[2026-06-20 09:39:36] waiting for primary loop to finish
[2026-06-20 09:40:36] waiting for primary loop to finish
[2026-06-20 09:41:36] waiting for primary loop to finish
[2026-06-20 09:42:36] waiting for primary loop to finish
[2026-06-20 09:43:36] waiting for primary loop to finish
[2026-06-20 09:44:36] waiting for primary loop to finish
[2026-06-20 09:45:36] waiting for primary loop to finish
[2026-06-20 09:46:36] waiting for primary loop to finish
[2026-06-20 09:47:36] waiting for primary loop to finish
[2026-06-20 09:48:36] waiting for primary loop to finish
[2026-06-20 09:49:36] waiting for primary loop to finish
[2026-06-20 09:50:36] waiting for primary loop to finish
[2026-06-20 09:51:36] waiting for primary loop to finish
[2026-06-20 09:52:36] waiting for primary loop to finish
[2026-06-20 09:53:36] waiting for primary loop to finish
[2026-06-20 09:54:36] waiting for primary loop to finish
[2026-06-20 09:55:36] waiting for primary loop to finish
[2026-06-20 09:56:36] waiting for primary loop to finish
[2026-06-20 09:57:36] waiting for primary loop to finish
[2026-06-20 09:58:36] waiting for primary loop to finish
[2026-06-20 09:59:36] waiting for primary loop to finish
[2026-06-20 10:00:36] waiting for primary loop to finish
[2026-06-20 10:01:36] waiting for primary loop to finish
[2026-06-20 10:02:37] waiting for primary loop to finish
[2026-06-20 10:03:37] waiting for primary loop to finish
[2026-06-20 10:04:37] waiting for primary loop to finish
[2026-06-20 10:05:37] waiting for primary loop to finish
[2026-06-20 10:06:37] waiting for primary loop to finish
[2026-06-20 10:07:37] waiting for primary loop to finish
[2026-06-20 10:08:37] waiting for primary loop to finish
[2026-06-20 10:09:37] waiting for primary loop to finish
[2026-06-20 10:10:37] waiting for primary loop to finish
[2026-06-20 10:11:37] waiting for primary loop to finish
[2026-06-20 10:12:37] waiting for primary loop to finish
[2026-06-20 10:13:37] waiting for primary loop to finish
[2026-06-20 10:14:37] waiting for primary loop to finish
[2026-06-20 10:15:37] waiting for primary loop to finish
[2026-06-20 10:16:37] waiting for primary loop to finish
[2026-06-20 10:17:37] waiting for primary loop to finish
[2026-06-20 10:18:37] waiting for primary loop to finish
[2026-06-20 10:19:37] waiting for primary loop to finish
[2026-06-20 10:20:37] waiting for primary loop to finish
[2026-06-20 10:21:37] waiting for primary loop to finish
[2026-06-20 10:22:37] waiting for primary loop to finish
[2026-06-20 10:23:37] waiting for primary loop to finish
[2026-06-20 10:24:37] waiting for primary loop to finish
[2026-06-20 10:25:37] waiting for primary loop to finish
[2026-06-20 10:26:37] waiting for primary loop to finish
[2026-06-20 10:27:37] waiting for primary loop to finish
[2026-06-20 10:28:37] waiting for primary loop to finish
[2026-06-20 10:29:37] waiting for primary loop to finish
[2026-06-20 10:30:38] waiting for primary loop to finish
[2026-06-20 10:31:38] waiting for primary loop to finish
[2026-06-20 10:32:38] waiting for primary loop to finish
[2026-06-20 10:33:38] waiting for primary loop to finish
[2026-06-20 10:34:38] waiting for primary loop to finish
[2026-06-20 10:35:38] waiting for primary loop to finish
[2026-06-20 10:36:38] waiting for primary loop to finish
[2026-06-20 10:37:38] waiting for primary loop to finish
[2026-06-20 10:38:38] waiting for primary loop to finish
[2026-06-20 10:39:38] waiting for primary loop to finish
[2026-06-20 10:40:38] waiting for primary loop to finish
[2026-06-20 10:41:38] waiting for primary loop to finish
[2026-06-20 10:42:38] waiting for primary loop to finish
[2026-06-20 10:43:38] waiting for primary loop to finish
[2026-06-20 10:44:38] waiting for primary loop to finish
[2026-06-20 10:45:38] waiting for primary loop to finish
[2026-06-20 10:46:38] waiting for primary loop to finish
[2026-06-20 10:47:38] waiting for primary loop to finish
[2026-06-20 10:48:38] waiting for primary loop to finish
[2026-06-20 10:49:38] waiting for primary loop to finish
[2026-06-20 10:50:38] waiting for primary loop to finish
[2026-06-20 10:51:38] waiting for primary loop to finish
[2026-06-20 10:52:45] waiting for primary loop to finish
[2026-06-20 10:53:55] waiting for primary loop to finish
[2026-06-20 10:54:55] waiting for primary loop to finish
[2026-06-20 10:55:55] waiting for primary loop to finish
[2026-06-20 10:56:55] waiting for primary loop to finish
[2026-06-20 10:57:55] waiting for primary loop to finish
[2026-06-20 10:58:55] waiting for primary loop to finish
[2026-06-20 10:59:55] waiting for primary loop to finish
[2026-06-20 11:00:55] waiting for primary loop to finish
[2026-06-20 11:01:55] waiting for primary loop to finish
[2026-06-20 11:02:56] waiting for primary loop to finish
[2026-06-20 11:03:56] waiting for primary loop to finish
[2026-06-20 11:04:56] waiting for primary loop to finish
[2026-06-20 11:05:56] waiting for primary loop to finish
[2026-06-20 11:06:56] waiting for primary loop to finish
[2026-06-20 11:07:56] waiting for primary loop to finish
[2026-06-20 11:08:56] waiting for primary loop to finish
[2026-06-20 11:09:56] waiting for primary loop to finish
[2026-06-20 11:10:56] waiting for primary loop to finish
[2026-06-20 11:11:56] baseline overall auc = 74.95
[2026-06-20 11:11:56] followup continuation margin = +0.20 over baseline
[2026-06-20 11:11:56] best existing cel model = cel_task_conditioned_lastlayer_v1_qwen3_1.7b (auc=75.29)
[2026-06-20 11:11:56] existing CEL result already beats baseline by continuation margin; no followup runs needed
[2026-06-20 11:11:56] followup loop found a CEL model that beats baseline
[2026-06-20 11:12:06] baseline overall auc = 74.95
[2026-06-20 11:12:06] followup continuation margin = +0.20 over baseline
[2026-06-20 11:12:06] best existing cel model = cel_task_conditioned_lastlayer_v1_qwen3_1.7b (auc=75.29)
[2026-06-20 11:12:06] existing CEL result already beats baseline by continuation margin; no followup runs needed
[2026-06-20 11:12:06] followup loop found a CEL model that beats baseline
